C51 COMPILER V9.56.0.0   INTERRUPT                                                         08/04/2020 12:39:55 PAGE 1   


C51 COMPILER V9.56.0.0, COMPILATION OF MODULE INTERRUPT
OBJECT MODULE PLACED IN .\hex\interrupt.obj
COMPILER INVOKED BY: F:\Keil\C51\BIN\C51.EXE interrupt.c OMF2 OPTIMIZE(9,SIZE) BROWSE DEBUG PRINT(.\lst\interrupt.lst) T
                    -ABS(2) OBJECT(.\hex\interrupt.obj)

line level    source

   1          #ifndef _INTERRUPT_C_
   2          #define _INTERRUPT_C_
   3          /*********************************************************************************************************
             -************/
   4          #include "ca51f_config.h"
   5          #include "includes\ca51f3sfr.h"
   6          #include "includes\ca51f3xsfr.h"
   7          #include "includes\gpiodef_f3.h"
   8          
   9          #include "Library\includes\delay.h"
  10          #include "Library\includes\uart.h"
  11          #include "Library\includes\system_clock.h"
  12          #include "Library\Includes\rtc.h" 
  13          #include "includes\system.h"
  14          /*********************************************************************************************************
             -************/
  15          #include "TS_Lib\Includes\ts_configuration.h"
  16          #include "TS_Lib\Includes\ts_def.h"
  17          #include "TS_Lib\Includes\ts_api.h"
  18          #include "TS_Lib\Includes\ts_service.h"
  19          /*********************************************************************************************************
             -************/  
  20          #if DEBUG
              #include "Library\Includes\i2c.h"   
              void I2C_ISR(void);
              #endif
  24          void INT8_ISR (void) interrupt 13    
  25          {
  26   1        if(RTCIF & RTC_MF)      //毫秒中断     时间为 (RTMSS+1)*128*Trtc, 
  27   1        {
  28   2          RTCIF = RTC_MF;   
  29   2          TS_MS_ISR();
  30   2          if(TS_LongKeyTimer)
  31   2          {
  32   3            TS_LongKeyTimer--;    
  33   3          }
  34   2        }
  35   1        if(RTCIF & RTC_HF)      //半秒中断
  36   1        {
  37   2          RTCIF = RTC_HF; 
  38   2          TS_HS_ISR();
  39   2        } 
  40   1      }
  41          void INT3_ISR (void) interrupt 8
  42          { 
  43   1        if(TKIF != 0)
  44   1        {
  45   2          TS_ISR();
  46   2        }
  47   1      }
  48          void INT6_ISR(void) interrupt 11 
  49          {
  50   1      #if DEBUG
                if(I2CFLG & I2CF)   
C51 COMPILER V9.56.0.0   INTERRUPT                                                         08/04/2020 12:39:55 PAGE 2   

                {
                  I2C_ISR();
                }
              #endif
  56   1      }
  57          #endif


MODULE INFORMATION:   STATIC OVERLAYABLE
   CODE SIZE        =    165    ----
   CONSTANT SIZE    =   ----    ----
   XDATA SIZE       =   ----    ----
   PDATA SIZE       =   ----    ----
   DATA SIZE        =   ----    ----
   IDATA SIZE       =   ----    ----
   BIT SIZE         =   ----    ----
   EDATA SIZE       =   ----    ----
   HDATA SIZE       =   ----    ----
   XDATA CONST SIZE =   ----    ----
   FAR CONST SIZE   =   ----    ----
END OF MODULE INFORMATION.


C51 COMPILATION COMPLETE.  0 WARNING(S),  0 ERROR(S)
