C51 COMPILER V9.56.0.0   SYSTEM_CLOCK                                                      08/03/2020 17:20:28 PAGE 1   


C51 COMPILER V9.56.0.0, COMPILATION OF MODULE SYSTEM_CLOCK
OBJECT MODULE PLACED IN .\hex\system_clock.obj
COMPILER INVOKED BY: F:\Keil\C51\BIN\C51.exe Library\Sources\system_clock.c OMF2 OPTIMIZE(9,SIZE) BROWSE DEBUG PRINT(.\l
                    -st\system_clock.lst) TABS(2) OBJECT(.\hex\system_clock.obj)

line level    source

   1          #ifndef _SYSTEM_CLOCK_C_
   2          #define _SYSTEM_CLOCK_C_
   3          /*********************************************************************************************************
             -************/
   4          #include "ca51f_config.h"
   5          #include "includes\ca51f3sfr.h"
   6          #include "includes\ca51f3xsfr.h"
   7          #include "includes\gpiodef_f3.h"
   8          
   9          #include "includes\system.h"
  10          #include "Library\includes\system_clock.h"
  11          #include <intrins.h>
  12          /*********************************************************************************************************
             -************/
  13          
  14          /***********************************************************************************
  15          函数名  ：    Sys_Clk_Set_IRCH                      
  16          功能描述：    设置系统时钟为IRCH
  17          输入参数：    无
  18          返回值  ：    无
  19          ***********************************************************************************/
  20          void Sys_Clk_Set_IRCH(void)
  21          {
  22   1        CKCON |= IHCKE;                     //IRCH时钟使能
  23   1        CKSEL = (CKSEL&0xF8) | CKSEL_IRCH;  //系统时钟切换到IRCH
  24   1      }
  25          /***********************************************************************************/
  26          
  27          
  28          
  29          /***********************************************************************************
  30          函数名  ：    Sys_Clk_Set_IRCL                      
  31          功能描述：    设置系统时钟为IRCL
  32          输入参数：    无
  33          返回值  ：    无
  34          ***********************************************************************************/
  35          void Sys_Clk_Set_IRCL(void)
  36          {
  37   1        CKCON |= ILCKE;                     //IRCL时钟使能
  38   1        CKSEL = (CKSEL&0xF8) | CKSEL_IRCL;  //系统时钟切换到IRCL  
  39   1      }
  40          /***********************************************************************************/
  41          
  42          
  43          
  44          /***********************************************************************************
  45          函数名  ：    Sys_Clk_Set_XOSCL                     
  46          功能描述：    设置系统时钟为XOSCL
  47          输入参数：    无
  48          返回值  ：    无
  49          ***********************************************************************************/
  50          void Sys_Clk_Set_XOSCL(void)
  51          {
  52   1        P32F = P32_XOSC_IN_SETTING;         //设置P32为晶振引脚
C51 COMPILER V9.56.0.0   SYSTEM_CLOCK                                                      08/03/2020 17:20:28 PAGE 2   

  53   1        P33F = P33_XOSC_OUT_SETTING;        //设置P33为晶振引脚
  54   1      
  55   1        CKCON |= XLCKE;                     //使能XOSCL时钟
  56   1        while(!(CKCON & XLSTA));            //等待XOSCL时钟稳定
  57   1        CKSEL = (CKSEL&0xF8) | CKSEL_XOSCL; //切换系统时钟到XOSCL 
  58   1      }
  59          /***********************************************************************************/
  60          
  61          
  62          
  63          /***********************************************************************************
  64          函数名  ：    Sys_Clk_Set_PLL                     
  65          功能描述：    设置系统时钟为PLL
  66          输入参数：    Multiple   倍频倍数
  67          返回值  ：    无
  68          ***********************************************************************************/
  69          void Sys_Clk_Set_PLL(unsigned char Multiple)  
  70          {
  71   1        if(Multiple < 2 || Multiple > 8) return;    //倍频倍数范围为 2~8，超出此范围返回
  72   1      
  73   1        PLLCON = PLLON(1) | MULFT(Multiple-2);      //设置倍频倍数并使能PLL
  74   1        while(!(PLLCON & PLSTA));                   //等待PLL时钟稳定
  75   1        CKSEL = (CKSEL&0xF8) | CKSEL_PLL;           //切换系统时钟到PLL
  76   1      }
  77          /***********************************************************************************/
  78          
  79          
  80          
  81          /***********************************************************************************
  82          函数名  ：    Sys_Clk_Set_TFRC                      
  83          功能描述：    设置系统时钟为TFRC
  84          输入参数：    无
  85          返回值  ：    无
  86          ***********************************************************************************/
  87          void Sys_Clk_Set_TFRC(void)
  88          {
  89   1        CKCON |= TFCKE;                         //使能TFRC时钟
  90   1        CKSEL = (CKSEL&0xF8) | CKSEL_TFRC;      //切换系统时钟到TFRC
  91   1      }
  92          /***********************************************************************************/
  93          
  94          
  95          /*********************************************************************************************************
             -************/
  96          #endif


MODULE INFORMATION:   STATIC OVERLAYABLE
   CODE SIZE        =     96    ----
   CONSTANT SIZE    =   ----    ----
   XDATA SIZE       =   ----    ----
   PDATA SIZE       =   ----    ----
   DATA SIZE        =   ----    ----
   IDATA SIZE       =   ----    ----
   BIT SIZE         =   ----    ----
   EDATA SIZE       =   ----    ----
   HDATA SIZE       =   ----    ----
   XDATA CONST SIZE =   ----    ----
   FAR CONST SIZE   =   ----    ----
END OF MODULE INFORMATION.


C51 COMPILATION COMPLETE.  0 WARNING(S),  0 ERROR(S)
